// Jest Snapshot v1, https://goo.gl/fbAQLP

exports[`LineItem matches snapshot 1`] = `
<DocumentFragment>
  <div
    class="MuiBox-root css-1at3ae4"
  >
    <div
      class="MuiBox-root css-v7v99c"
    >
      <p
        class="MuiTypography-root MuiTypography-body1 css-ahj2mt-MuiTypography-root"
      >
        Snapshot Title
      </p>
    </div>
    <div
      class="MuiBox-root css-i9gxme"
    >
      <div
        class="MuiBox-root css-1xrtkr"
      >
        <p
          class="MuiTypography-root MuiTypography-body2 css-1xnd8mx-MuiTypography-root"
        >
          Snapshot Value
        </p>
      </div>
    </div>
  </div>
</DocumentFragment>
`;
